2025-04-23 02:54:13.350943: I tensorflow/core/util/port.cc:153] oneDNN custom operations are on. You may see slightly different numerical results due to floating-point round-off errors from different computation orders. To turn them off, set the environment variable `TF_ENABLE_ONEDNN_OPTS=0`.
2025-04-23 02:54:13.369617: E external/local_xla/xla/stream_executor/cuda/cuda_fft.cc:477] Unable to register cuFFT factory: Attempting to register factory for plugin cuFFT when one has already been registered
WARNING: All log messages before absl::InitializeLog() is called are written to STDERR
E0000 00:00:1745376853.391011   14656 cuda_dnn.cc:8310] Unable to register cuDNN factory: Attempting to register factory for plugin cuDNN when one has already been registered
E0000 00:00:1745376853.397645   14656 cuda_blas.cc:1418] Unable to register cuBLAS factory: Attempting to register factory for plugin cuBLAS when one has already been registered
2025-04-23 02:54:13.419660: I tensorflow/core/platform/cpu_feature_guard.cc:210] This TensorFlow binary is optimized to use available CPU instructions in performance-critical operations.
To enable the following instructions: AVX2 AVX512F AVX512_VNNI FMA, in other operations, rebuild TensorFlow with the appropriate compiler flags.
The `load_in_4bit` and `load_in_8bit` arguments are deprecated and will be removed in the future versions. Please, pass a `BitsAndBytesConfig` object in `quantization_config` argument instead.
Loading checkpoint shards: 100% 2/2 [00:06<00:00,  3.45s/it]
trainable params: 6,881,280 || all params: 3,219,631,104 || trainable%: 0.2137
Map: 100% 4312/4312 [00:41<00:00, 103.60 examples/s]
Map: 100% 1077/1077 [00:10<00:00, 101.75 examples/s]
/content/iTRI-QA/finetune.py:172: FutureWarning: `tokenizer` is deprecated and will be removed in version 5.0.0 for `Trainer.__init__`. Use `processing_class` instead.
  trainer = Trainer(
No label_names provided for model class `PeftModelForCausalLM`. Since `PeftModel` hides base models input arguments, if label_names is not given, label_names can't be set automatically within `Trainer`. Note that empty label_names list will be used instead.
  0% 0/134 [00:00<?, ?it/s]`use_cache=True` is incompatible with gradient checkpointing. Setting `use_cache=False`.
/usr/local/lib/python3.11/dist-packages/torch/_dynamo/eval_frame.py:745: UserWarning: torch.utils.checkpoint: the use_reentrant parameter should be passed explicitly. In version 2.5 we will raise an exception if use_reentrant is not passed. use_reentrant=False is recommended, but if you need to preserve the current default behavior, you can pass use_reentrant=True. Refer to docs for more details on the differences between the two variants.
  return fn(*args, **kwargs)
/usr/local/lib/python3.11/dist-packages/bitsandbytes/autograd/_functions.py:315: UserWarning: MatMul8bitLt: inputs will be cast from torch.float32 to float16 during quantization
  warnings.warn(f"MatMul8bitLt: inputs will be cast from {A.dtype} to float16 during quantization")
{'loss': 1.7026, 'grad_norm': 0.11963296681642532, 'learning_rate': 0.00024131421435130807, 'epoch': 0.37}
{'loss': 1.641, 'grad_norm': 0.11423856019973755, 'learning_rate': 5.8685785648691894e-05, 'epoch': 0.74}
100% 134/134 [34:17<00:00, 15.36s/it]
  0% 0/539 [00:00<?, ?it/s]
  0% 2/539 [00:00<01:07,  8.01it/s]
  1% 3/539 [00:00<01:34,  5.67it/s]
  1% 4/539 [00:00<01:50,  4.82it/s]
  1% 5/539 [00:01<01:58,  4.52it/s]
  1% 6/539 [00:01<02:04,  4.28it/s]
  1% 7/539 [00:01<02:06,  4.21it/s]
  1% 8/539 [00:01<02:08,  4.14it/s]
  2% 9/539 [00:02<02:10,  4.05it/s]
  2% 10/539 [00:02<02:12,  3.99it/s]
  2% 11/539 [00:02<02:12,  3.99it/s]
  2% 12/539 [00:02<02:13,  3.96it/s]
  2% 13/539 [00:03<02:12,  3.98it/s]
  3% 14/539 [00:03<02:11,  3.99it/s]
  3% 15/539 [00:03<02:12,  3.95it/s]
  3% 16/539 [00:03<02:11,  3.98it/s]
  3% 17/539 [00:04<02:11,  3.98it/s]
  3% 18/539 [00:04<02:11,  3.98it/s]
  4% 19/539 [00:04<02:12,  3.93it/s]
  4% 20/539 [00:04<02:12,  3.92it/s]
  4% 21/539 [00:05<02:11,  3.95it/s]
  4% 22/539 [00:05<02:11,  3.92it/s]
  4% 23/539 [00:05<02:12,  3.90it/s]
  4% 24/539 [00:05<02:10,  3.94it/s]
  5% 25/539 [00:06<02:11,  3.92it/s]
  5% 26/539 [00:06<02:11,  3.90it/s]
  5% 27/539 [00:06<02:09,  3.94it/s]
  5% 28/539 [00:06<02:08,  3.97it/s]
  5% 29/539 [00:07<02:07,  3.99it/s]
  6% 30/539 [00:07<02:08,  3.97it/s]
  6% 31/539 [00:07<02:07,  3.99it/s]
  6% 32/539 [00:07<02:06,  4.00it/s]
  6% 33/539 [00:08<02:06,  4.01it/s]
  6% 34/539 [00:08<02:05,  4.02it/s]
  6% 35/539 [00:08<02:06,  3.98it/s]
  7% 36/539 [00:08<02:05,  4.00it/s]
  7% 37/539 [00:09<02:04,  4.03it/s]
  7% 38/539 [00:09<02:03,  4.05it/s]
  7% 39/539 [00:09<02:03,  4.05it/s]
  7% 40/539 [00:09<02:04,  4.00it/s]
  8% 41/539 [00:10<02:05,  3.97it/s]
  8% 42/539 [00:10<02:04,  3.99it/s]
  8% 43/539 [00:10<02:03,  4.01it/s]
  8% 44/539 [00:10<02:03,  4.02it/s]
  8% 45/539 [00:11<02:02,  4.03it/s]
  9% 46/539 [00:11<02:02,  4.03it/s]
  9% 47/539 [00:11<02:03,  3.99it/s]
  9% 48/539 [00:11<02:02,  4.00it/s]
  9% 49/539 [00:12<02:03,  3.95it/s]
  9% 50/539 [00:12<02:03,  3.96it/s]
  9% 51/539 [00:12<02:02,  3.97it/s]
 10% 52/539 [00:12<02:02,  3.99it/s]
 10% 53/539 [00:13<02:01,  4.01it/s]
 10% 54/539 [00:13<02:00,  4.01it/s]
 10% 55/539 [00:13<02:00,  4.02it/s]
 10% 56/539 [00:13<02:00,  4.02it/s]
 11% 57/539 [00:14<02:01,  3.98it/s]
 11% 58/539 [00:14<02:01,  3.95it/s]
 11% 59/539 [00:14<02:00,  3.98it/s]
 11% 60/539 [00:14<02:01,  3.95it/s]
 11% 61/539 [00:15<02:00,  3.98it/s]
 12% 62/539 [00:15<02:00,  3.94it/s]
 12% 63/539 [00:15<02:01,  3.92it/s]
 12% 64/539 [00:15<02:00,  3.95it/s]
 12% 65/539 [00:16<01:59,  3.97it/s]
 12% 66/539 [00:16<01:58,  3.99it/s]
 12% 67/539 [00:16<01:59,  3.96it/s]
 13% 68/539 [00:16<01:58,  3.98it/s]
 13% 69/539 [00:17<01:57,  3.99it/s]
 13% 70/539 [00:17<01:56,  4.01it/s]
 13% 71/539 [00:17<01:57,  3.97it/s]
 13% 72/539 [00:17<01:56,  3.99it/s]
 14% 73/539 [00:18<01:57,  3.96it/s]
 14% 74/539 [00:18<01:58,  3.94it/s]
 14% 75/539 [00:18<01:56,  3.97it/s]
 14% 76/539 [00:18<01:56,  3.99it/s]
 14% 77/539 [00:19<01:55,  4.00it/s]
 14% 78/539 [00:19<01:54,  4.01it/s]
 15% 79/539 [00:19<01:55,  3.98it/s]
 15% 80/539 [00:19<01:56,  3.95it/s]
 15% 81/539 [00:20<01:55,  3.98it/s]
 15% 82/539 [00:20<01:54,  4.00it/s]
 15% 83/539 [00:20<01:54,  3.97it/s]
 16% 84/539 [00:20<01:54,  3.99it/s]
 16% 85/539 [00:21<01:54,  3.96it/s]
 16% 86/539 [00:21<01:54,  3.94it/s]
 16% 87/539 [00:21<01:55,  3.93it/s]
 16% 88/539 [00:21<01:55,  3.92it/s]
 17% 89/539 [00:22<01:54,  3.91it/s]
 17% 90/539 [00:22<01:54,  3.91it/s]
 17% 91/539 [00:22<01:53,  3.96it/s]
 17% 92/539 [00:22<01:52,  3.98it/s]
 17% 93/539 [00:23<01:52,  3.95it/s]
 17% 94/539 [00:23<01:51,  3.97it/s]
 18% 95/539 [00:23<01:52,  3.94it/s]
 18% 96/539 [00:23<01:51,  3.97it/s]
 18% 97/539 [00:24<01:52,  3.94it/s]
 18% 98/539 [00:24<01:51,  3.96it/s]
 18% 99/539 [00:24<01:52,  3.93it/s]
 19% 100/539 [00:24<01:51,  3.95it/s]
 19% 101/539 [00:25<01:50,  3.97it/s]
 19% 102/539 [00:25<01:49,  3.99it/s]
 19% 103/539 [00:25<01:49,  4.00it/s]
 19% 104/539 [00:25<01:49,  3.96it/s]
 19% 105/539 [00:26<01:49,  3.95it/s]
 20% 106/539 [00:26<01:50,  3.92it/s]
 20% 107/539 [00:26<01:49,  3.94it/s]
 20% 108/539 [00:26<01:50,  3.91it/s]
 20% 109/539 [00:27<01:50,  3.89it/s]
 20% 110/539 [00:27<01:49,  3.92it/s]
 21% 111/539 [00:27<01:49,  3.92it/s]
 21% 112/539 [00:27<01:48,  3.95it/s]
 21% 113/539 [00:28<01:48,  3.92it/s]
 21% 114/539 [00:28<01:47,  3.95it/s]
 21% 115/539 [00:28<01:47,  3.93it/s]
 22% 116/539 [00:29<01:46,  3.96it/s]
 22% 117/539 [00:29<01:47,  3.92it/s]
 22% 118/539 [00:29<01:46,  3.95it/s]
 22% 119/539 [00:29<01:46,  3.93it/s]
 22% 120/539 [00:30<01:45,  3.97it/s]
 22% 121/539 [00:30<01:45,  3.94it/s]
 23% 122/539 [00:30<01:46,  3.93it/s]
 23% 123/539 [00:30<01:46,  3.91it/s]
 23% 124/539 [00:31<01:45,  3.94it/s]
 23% 125/539 [00:31<01:44,  3.97it/s]
 23% 126/539 [00:31<01:43,  3.99it/s]
 24% 127/539 [00:31<01:42,  4.00it/s]
 24% 128/539 [00:32<01:43,  3.96it/s]
 24% 129/539 [00:32<01:42,  3.98it/s]
 24% 130/539 [00:32<01:42,  3.99it/s]
 24% 131/539 [00:32<01:43,  3.95it/s]
 24% 132/539 [00:33<01:42,  3.96it/s]
 25% 133/539 [00:33<01:43,  3.93it/s]
 25% 134/539 [00:33<01:43,  3.92it/s]
 25% 135/539 [00:33<01:43,  3.91it/s]
 25% 136/539 [00:34<01:43,  3.90it/s]
 25% 137/539 [00:34<01:41,  3.95it/s]
 26% 138/539 [00:34<01:40,  3.98it/s]
 26% 139/539 [00:34<01:41,  3.96it/s]
 26% 140/539 [00:35<01:40,  3.99it/s]
 26% 141/539 [00:35<01:39,  4.00it/s]
 26% 142/539 [00:35<01:38,  4.02it/s]
 27% 143/539 [00:35<01:38,  4.02it/s]
 27% 144/539 [00:36<01:38,  4.03it/s]
 27% 145/539 [00:36<01:37,  4.03it/s]
 27% 146/539 [00:36<01:38,  3.99it/s]
 27% 147/539 [00:36<01:39,  3.96it/s]
 27% 148/539 [00:37<01:39,  3.94it/s]
 28% 149/539 [00:37<01:39,  3.93it/s]
 28% 150/539 [00:37<01:37,  3.97it/s]
 28% 151/539 [00:37<01:37,  3.99it/s]
 28% 152/539 [00:38<01:36,  4.01it/s]
 28% 153/539 [00:38<01:37,  3.97it/s]
 29% 154/539 [00:38<01:37,  3.94it/s]
 29% 155/539 [00:38<01:36,  3.96it/s]
 29% 156/539 [00:39<01:37,  3.94it/s]
 29% 157/539 [00:39<01:37,  3.92it/s]
 29% 158/539 [00:39<01:36,  3.95it/s]
 29% 159/539 [00:39<01:35,  3.97it/s]
 30% 160/539 [00:40<01:34,  4.00it/s]
 30% 161/539 [00:40<01:34,  4.01it/s]
 30% 162/539 [00:40<01:33,  4.03it/s]
 30% 163/539 [00:40<01:34,  3.98it/s]
 30% 164/539 [00:41<01:34,  3.96it/s]
 31% 165/539 [00:41<01:33,  3.98it/s]
 31% 166/539 [00:41<01:32,  4.01it/s]
 31% 167/539 [00:41<01:32,  4.02it/s]
 31% 168/539 [00:42<01:32,  4.03it/s]
 31% 169/539 [00:42<01:31,  4.04it/s]
 32% 170/539 [00:42<01:31,  4.04it/s]
 32% 171/539 [00:42<01:31,  4.03it/s]
 32% 172/539 [00:43<01:32,  3.99it/s]
 32% 173/539 [00:43<01:31,  4.02it/s]
 32% 174/539 [00:43<01:30,  4.03it/s]
 32% 175/539 [00:43<01:30,  4.04it/s]
 33% 176/539 [00:44<01:30,  4.01it/s]
 33% 177/539 [00:44<01:31,  3.97it/s]
 33% 178/539 [00:44<01:30,  3.99it/s]
 33% 179/539 [00:44<01:29,  4.01it/s]
 33% 180/539 [00:45<01:29,  4.03it/s]
 34% 181/539 [00:45<01:29,  3.98it/s]
 34% 182/539 [00:45<01:29,  4.00it/s]
 34% 183/539 [00:45<01:28,  4.01it/s]
 34% 184/539 [00:46<01:28,  4.02it/s]
 34% 185/539 [00:46<01:27,  4.03it/s]
 35% 186/539 [00:46<01:27,  4.04it/s]
 35% 187/539 [00:46<01:28,  4.00it/s]
 35% 188/539 [00:47<01:27,  4.02it/s]
 35% 189/539 [00:47<01:27,  3.98it/s]
 35% 190/539 [00:47<01:27,  4.00it/s]
 35% 191/539 [00:47<01:27,  3.98it/s]
 36% 192/539 [00:48<01:26,  4.00it/s]
 36% 193/539 [00:48<01:27,  3.97it/s]
 36% 194/539 [00:48<01:26,  4.00it/s]
 36% 195/539 [00:48<01:26,  3.97it/s]
 36% 196/539 [00:49<01:27,  3.94it/s]
 37% 197/539 [00:49<01:26,  3.93it/s]
 37% 198/539 [00:49<01:26,  3.92it/s]
 37% 199/539 [00:49<01:26,  3.95it/s]
 37% 200/539 [00:50<01:25,  3.98it/s]
 37% 201/539 [00:50<01:24,  4.00it/s]
 37% 202/539 [00:50<01:25,  3.96it/s]
 38% 203/539 [00:50<01:25,  3.92it/s]
 38% 204/539 [00:51<01:24,  3.95it/s]
 38% 205/539 [00:51<01:24,  3.93it/s]
 38% 206/539 [00:51<01:24,  3.96it/s]
 38% 207/539 [00:51<01:23,  3.98it/s]
 39% 208/539 [00:52<01:23,  3.95it/s]
 39% 209/539 [00:52<01:23,  3.93it/s]
 39% 210/539 [00:52<01:22,  3.97it/s]
 39% 211/539 [00:52<01:22,  3.99it/s]
 39% 212/539 [00:53<01:22,  3.96it/s]
 40% 213/539 [00:53<01:22,  3.95it/s]
 40% 214/539 [00:53<01:21,  3.98it/s]
 40% 215/539 [00:53<01:21,  4.00it/s]
 40% 216/539 [00:54<01:20,  4.01it/s]
 40% 217/539 [00:54<01:19,  4.03it/s]
 40% 218/539 [00:54<01:19,  4.03it/s]
 41% 219/539 [00:54<01:19,  4.04it/s]
 41% 220/539 [00:55<01:18,  4.05it/s]
 41% 221/539 [00:55<01:18,  4.05it/s]
 41% 222/539 [00:55<01:19,  4.00it/s]
 41% 223/539 [00:55<01:19,  3.97it/s]
 42% 224/539 [00:56<01:18,  3.99it/s]
 42% 225/539 [00:56<01:19,  3.95it/s]
 42% 226/539 [00:56<01:18,  3.99it/s]
 42% 227/539 [00:56<01:17,  4.01it/s]
 42% 228/539 [00:57<01:18,  3.98it/s]
 42% 229/539 [00:57<01:18,  3.95it/s]
 43% 230/539 [00:57<01:18,  3.95it/s]
 43% 231/539 [00:57<01:18,  3.93it/s]
 43% 232/539 [00:58<01:17,  3.96it/s]
 43% 233/539 [00:58<01:16,  3.98it/s]
 43% 234/539 [00:58<01:17,  3.94it/s]
 44% 235/539 [00:58<01:17,  3.92it/s]
 44% 236/539 [00:59<01:16,  3.95it/s]
 44% 237/539 [00:59<01:15,  3.98it/s]
 44% 238/539 [00:59<01:15,  4.00it/s]
 44% 239/539 [00:59<01:15,  3.96it/s]
 45% 240/539 [01:00<01:15,  3.94it/s]
 45% 241/539 [01:00<01:15,  3.97it/s]
 45% 242/539 [01:00<01:14,  3.98it/s]
 45% 243/539 [01:00<01:15,  3.94it/s]
 45% 244/539 [01:01<01:14,  3.95it/s]
 45% 245/539 [01:01<01:14,  3.96it/s]
 46% 246/539 [01:01<01:13,  3.99it/s]
 46% 247/539 [01:01<01:13,  3.95it/s]
 46% 248/539 [01:02<01:14,  3.92it/s]
 46% 249/539 [01:02<01:13,  3.95it/s]
 46% 250/539 [01:02<01:12,  3.97it/s]
 47% 251/539 [01:02<01:13,  3.93it/s]
 47% 252/539 [01:03<01:12,  3.96it/s]
 47% 253/539 [01:03<01:11,  3.98it/s]
 47% 254/539 [01:03<01:12,  3.95it/s]
 47% 255/539 [01:03<01:11,  3.98it/s]
 47% 256/539 [01:04<01:10,  4.00it/s]
 48% 257/539 [01:04<01:10,  4.01it/s]
 48% 258/539 [01:04<01:10,  3.97it/s]
 48% 259/539 [01:04<01:11,  3.94it/s]
 48% 260/539 [01:05<01:10,  3.97it/s]
 48% 261/539 [01:05<01:10,  3.94it/s]
 49% 262/539 [01:05<01:09,  3.98it/s]
 49% 263/539 [01:05<01:09,  4.00it/s]
 49% 264/539 [01:06<01:09,  3.97it/s]
 49% 265/539 [01:06<01:09,  3.95it/s]
 49% 266/539 [01:06<01:09,  3.93it/s]
 50% 267/539 [01:06<01:09,  3.92it/s]
 50% 268/539 [01:07<01:08,  3.95it/s]
 50% 269/539 [01:07<01:07,  3.98it/s]
 50% 270/539 [01:07<01:07,  4.00it/s]
 50% 271/539 [01:07<01:07,  3.97it/s]
 50% 272/539 [01:08<01:06,  3.99it/s]
 51% 273/539 [01:08<01:06,  4.01it/s]
 51% 274/539 [01:08<01:05,  4.02it/s]
 51% 275/539 [01:08<01:06,  3.97it/s]
 51% 276/539 [01:09<01:05,  4.00it/s]
 51% 277/539 [01:09<01:05,  4.01it/s]
 52% 278/539 [01:09<01:05,  3.97it/s]
 52% 279/539 [01:09<01:05,  4.00it/s]
 52% 280/539 [01:10<01:04,  4.01it/s]
 52% 281/539 [01:10<01:04,  4.02it/s]
 52% 282/539 [01:10<01:03,  4.03it/s]
 53% 283/539 [01:10<01:03,  4.03it/s]
 53% 284/539 [01:11<01:04,  3.98it/s]
 53% 285/539 [01:11<01:03,  4.00it/s]
 53% 286/539 [01:11<01:03,  3.96it/s]
 53% 287/539 [01:11<01:03,  3.94it/s]
 53% 288/539 [01:12<01:03,  3.98it/s]
 54% 289/539 [01:12<01:03,  3.95it/s]
 54% 290/539 [01:12<01:02,  3.97it/s]
 54% 291/539 [01:13<01:02,  3.99it/s]
 54% 292/539 [01:13<01:02,  3.96it/s]
 54% 293/539 [01:13<01:01,  3.97it/s]
 55% 294/539 [01:13<01:01,  3.98it/s]
 55% 295/539 [01:14<01:01,  4.00it/s]
 55% 296/539 [01:14<01:00,  4.01it/s]
 55% 297/539 [01:14<01:00,  4.02it/s]
 55% 298/539 [01:14<00:59,  4.03it/s]
 55% 299/539 [01:14<00:59,  4.04it/s]
 56% 300/539 [01:15<00:59,  4.05it/s]
 56% 301/539 [01:15<00:59,  4.01it/s]
 56% 302/539 [01:15<00:58,  4.02it/s]
 56% 303/539 [01:15<00:58,  4.04it/s]
 56% 304/539 [01:16<00:58,  4.01it/s]
 57% 305/539 [01:16<00:58,  4.03it/s]
 57% 306/539 [01:16<00:58,  3.99it/s]
 57% 307/539 [01:16<00:57,  4.01it/s]
 57% 308/539 [01:17<00:57,  4.04it/s]
 57% 309/539 [01:17<00:56,  4.04it/s]
 58% 310/539 [01:17<00:56,  4.05it/s]
 58% 311/539 [01:17<00:56,  4.07it/s]
 58% 312/539 [01:18<00:55,  4.08it/s]
 58% 313/539 [01:18<00:55,  4.08it/s]
 58% 314/539 [01:18<00:55,  4.03it/s]
 58% 315/539 [01:18<00:55,  4.03it/s]
 59% 316/539 [01:19<00:55,  4.02it/s]
 59% 317/539 [01:19<00:55,  3.99it/s]
 59% 318/539 [01:19<00:55,  4.01it/s]
 59% 319/539 [01:19<00:54,  4.03it/s]
 59% 320/539 [01:20<00:54,  4.00it/s]
 60% 321/539 [01:20<00:54,  3.97it/s]
 60% 322/539 [01:20<00:54,  3.99it/s]
 60% 323/539 [01:20<00:54,  3.96it/s]
 60% 324/539 [01:21<00:54,  3.95it/s]
 60% 325/539 [01:21<00:53,  3.97it/s]
 60% 326/539 [01:21<00:53,  4.00it/s]
 61% 327/539 [01:21<00:52,  4.01it/s]
 61% 328/539 [01:22<00:53,  3.98it/s]
 61% 329/539 [01:22<00:52,  4.00it/s]
 61% 330/539 [01:22<00:52,  3.96it/s]
 61% 331/539 [01:22<00:52,  3.93it/s]
 62% 332/539 [01:23<00:52,  3.92it/s]
 62% 333/539 [01:23<00:52,  3.90it/s]
 62% 334/539 [01:23<00:51,  3.95it/s]
 62% 335/539 [01:23<00:51,  3.97it/s]
 62% 336/539 [01:24<00:51,  3.94it/s]
 63% 337/539 [01:24<00:50,  3.97it/s]
 63% 338/539 [01:24<00:50,  3.94it/s]
 63% 339/539 [01:25<00:51,  3.92it/s]
 63% 340/539 [01:25<00:50,  3.95it/s]
 63% 341/539 [01:25<00:50,  3.94it/s]
 63% 342/539 [01:25<00:49,  3.94it/s]
 64% 343/539 [01:26<00:49,  3.99it/s]
 64% 344/539 [01:26<00:48,  4.01it/s]
 64% 345/539 [01:26<00:48,  4.03it/s]
 64% 346/539 [01:26<00:47,  4.04it/s]
 64% 347/539 [01:27<00:48,  3.99it/s]
 65% 348/539 [01:27<00:48,  3.97it/s]
 65% 349/539 [01:27<00:47,  3.97it/s]
 65% 350/539 [01:27<00:47,  4.00it/s]
 65% 351/539 [01:28<00:47,  3.97it/s]
 65% 352/539 [01:28<00:46,  3.99it/s]
 65% 353/539 [01:28<00:46,  4.01it/s]
 66% 354/539 [01:28<00:46,  3.98it/s]
 66% 355/539 [01:29<00:46,  3.96it/s]
 66% 356/539 [01:29<00:46,  3.95it/s]
 66% 357/539 [01:29<00:45,  3.98it/s]
 66% 358/539 [01:29<00:45,  4.00it/s]
 67% 359/539 [01:30<00:44,  4.01it/s]
 67% 360/539 [01:30<00:44,  4.02it/s]
 67% 361/539 [01:30<00:44,  3.99it/s]
 67% 362/539 [01:30<00:44,  4.01it/s]
 67% 363/539 [01:31<00:43,  4.03it/s]
 68% 364/539 [01:31<00:43,  4.00it/s]
 68% 365/539 [01:31<00:43,  3.97it/s]
 68% 366/539 [01:31<00:43,  3.95it/s]
 68% 367/539 [01:32<00:43,  3.97it/s]
 68% 368/539 [01:32<00:43,  3.95it/s]
 68% 369/539 [01:32<00:43,  3.94it/s]
 69% 370/539 [01:32<00:42,  3.97it/s]
 69% 371/539 [01:33<00:42,  3.95it/s]
 69% 372/539 [01:33<00:41,  3.98it/s]
 69% 373/539 [01:33<00:41,  3.95it/s]
 69% 374/539 [01:33<00:41,  3.97it/s]
 70% 375/539 [01:34<00:41,  3.95it/s]
 70% 376/539 [01:34<00:41,  3.94it/s]
 70% 377/539 [01:34<00:40,  3.97it/s]
 70% 378/539 [01:34<00:40,  3.94it/s]
 70% 379/539 [01:35<00:40,  3.93it/s]
 71% 380/539 [01:35<00:40,  3.94it/s]
 71% 381/539 [01:35<00:39,  3.95it/s]
 71% 382/539 [01:35<00:40,  3.92it/s]
 71% 383/539 [01:36<00:39,  3.90it/s]
 71% 384/539 [01:36<00:39,  3.94it/s]
 71% 385/539 [01:36<00:38,  3.97it/s]
 72% 386/539 [01:36<00:38,  3.99it/s]
 72% 387/539 [01:37<00:37,  4.01it/s]
 72% 388/539 [01:37<00:37,  3.98it/s]
 72% 389/539 [01:37<00:37,  3.95it/s]
 72% 390/539 [01:37<00:37,  3.99it/s]
 73% 391/539 [01:38<00:36,  4.02it/s]
 73% 392/539 [01:38<00:36,  3.99it/s]
 73% 393/539 [01:38<00:36,  4.02it/s]
 73% 394/539 [01:38<00:35,  4.03it/s]
 73% 395/539 [01:39<00:35,  4.04it/s]
 73% 396/539 [01:39<00:35,  3.99it/s]
 74% 397/539 [01:39<00:35,  3.97it/s]
 74% 398/539 [01:39<00:35,  3.99it/s]
 74% 399/539 [01:40<00:34,  4.01it/s]
 74% 400/539 [01:40<00:35,  3.96it/s]
 74% 401/539 [01:40<00:34,  4.00it/s]
 75% 402/539 [01:40<00:34,  3.96it/s]
 75% 403/539 [01:41<00:34,  3.94it/s]
 75% 404/539 [01:41<00:34,  3.96it/s]
 75% 405/539 [01:41<00:34,  3.94it/s]
 75% 406/539 [01:41<00:33,  3.92it/s]
 76% 407/539 [01:42<00:33,  3.96it/s]
 76% 408/539 [01:42<00:32,  3.99it/s]
 76% 409/539 [01:42<00:32,  4.00it/s]
 76% 410/539 [01:42<00:32,  4.02it/s]
 76% 411/539 [01:43<00:32,  3.98it/s]
 76% 412/539 [01:43<00:32,  3.95it/s]
 77% 413/539 [01:43<00:31,  3.98it/s]
 77% 414/539 [01:43<00:31,  4.01it/s]
 77% 415/539 [01:44<00:30,  4.02it/s]
 77% 416/539 [01:44<00:30,  4.03it/s]
 77% 417/539 [01:44<00:30,  4.00it/s]
 78% 418/539 [01:44<00:30,  3.96it/s]
 78% 419/539 [01:45<00:30,  3.94it/s]
 78% 420/539 [01:45<00:30,  3.93it/s]
 78% 421/539 [01:45<00:29,  3.96it/s]
 78% 422/539 [01:45<00:29,  3.99it/s]
 78% 423/539 [01:46<00:28,  4.01it/s]
 79% 424/539 [01:46<00:28,  3.97it/s]
 79% 425/539 [01:46<00:28,  3.99it/s]
 79% 426/539 [01:46<00:28,  4.01it/s]
 79% 427/539 [01:47<00:27,  4.01it/s]
 79% 428/539 [01:47<00:27,  4.03it/s]
 80% 429/539 [01:47<00:27,  4.03it/s]
 80% 430/539 [01:47<00:27,  4.02it/s]
 80% 431/539 [01:48<00:26,  4.01it/s]
 80% 432/539 [01:48<00:26,  3.98it/s]
 80% 433/539 [01:48<00:26,  3.99it/s]
 81% 434/539 [01:48<00:26,  4.00it/s]
 81% 435/539 [01:49<00:26,  3.96it/s]
 81% 436/539 [01:49<00:25,  3.99it/s]
 81% 437/539 [01:49<00:25,  3.96it/s]
 81% 438/539 [01:49<00:25,  3.99it/s]
 81% 439/539 [01:50<00:25,  3.96it/s]
 82% 440/539 [01:50<00:25,  3.94it/s]
 82% 441/539 [01:50<00:24,  3.92it/s]
 82% 442/539 [01:50<00:24,  3.92it/s]
 82% 443/539 [01:51<00:24,  3.96it/s]
 82% 444/539 [01:51<00:23,  4.00it/s]
 83% 445/539 [01:51<00:23,  4.01it/s]
 83% 446/539 [01:51<00:23,  4.03it/s]
 83% 447/539 [01:52<00:22,  4.03it/s]
 83% 448/539 [01:52<00:22,  4.04it/s]
 83% 449/539 [01:52<00:22,  4.06it/s]
 83% 450/539 [01:52<00:21,  4.06it/s]
 84% 451/539 [01:53<00:21,  4.06it/s]
 84% 452/539 [01:53<00:21,  4.01it/s]
 84% 453/539 [01:53<00:21,  3.98it/s]
 84% 454/539 [01:53<00:21,  3.95it/s]
 84% 455/539 [01:54<00:21,  3.98it/s]
 85% 456/539 [01:54<00:20,  3.96it/s]
 85% 457/539 [01:54<00:20,  3.98it/s]
 85% 458/539 [01:54<00:20,  3.97it/s]
 85% 459/539 [01:55<00:20,  3.94it/s]
 85% 460/539 [01:55<00:19,  3.98it/s]
 86% 461/539 [01:55<00:19,  4.00it/s]
 86% 462/539 [01:55<00:19,  3.97it/s]
 86% 463/539 [01:56<00:19,  3.95it/s]
 86% 464/539 [01:56<00:18,  3.98it/s]
 86% 465/539 [01:56<00:18,  4.00it/s]
 86% 466/539 [01:56<00:18,  3.97it/s]
 87% 467/539 [01:57<00:18,  3.95it/s]
 87% 468/539 [01:57<00:17,  3.98it/s]
 87% 469/539 [01:57<00:17,  3.95it/s]
 87% 470/539 [01:57<00:17,  3.99it/s]
 87% 471/539 [01:58<00:17,  3.96it/s]
 88% 472/539 [01:58<00:17,  3.94it/s]
 88% 473/539 [01:58<00:16,  3.91it/s]
 88% 474/539 [01:58<00:16,  3.94it/s]
 88% 475/539 [01:59<00:16,  3.92it/s]
 88% 476/539 [01:59<00:15,  3.94it/s]
 88% 477/539 [01:59<00:15,  3.92it/s]
 89% 478/539 [01:59<00:15,  3.96it/s]
 89% 479/539 [02:00<00:15,  3.94it/s]
 89% 480/539 [02:00<00:14,  3.97it/s]
 89% 481/539 [02:00<00:14,  3.94it/s]
 89% 482/539 [02:00<00:14,  3.92it/s]
 90% 483/539 [02:01<00:14,  3.95it/s]
 90% 484/539 [02:01<00:13,  3.98it/s]
 90% 485/539 [02:01<00:13,  3.95it/s]
 90% 486/539 [02:01<00:13,  3.93it/s]
 90% 487/539 [02:02<00:13,  3.97it/s]
 91% 488/539 [02:02<00:12,  3.95it/s]
 91% 489/539 [02:02<00:12,  3.97it/s]
 91% 490/539 [02:02<00:12,  3.95it/s]
 91% 491/539 [02:03<00:12,  3.98it/s]
 91% 492/539 [02:03<00:11,  3.95it/s]
 91% 493/539 [02:03<00:11,  3.94it/s]
 92% 494/539 [02:04<00:11,  3.93it/s]
 92% 495/539 [02:04<00:11,  3.92it/s]
 92% 496/539 [02:04<00:10,  3.96it/s]
 92% 497/539 [02:04<00:10,  3.99it/s]
 92% 498/539 [02:05<00:10,  3.96it/s]
 93% 499/539 [02:05<00:10,  3.99it/s]
 93% 500/539 [02:05<00:09,  3.96it/s]
 93% 501/539 [02:05<00:09,  3.94it/s]
 93% 502/539 [02:06<00:09,  3.92it/s]
 93% 503/539 [02:06<00:09,  3.91it/s]
 94% 504/539 [02:06<00:08,  3.90it/s]
 94% 505/539 [02:06<00:08,  3.95it/s]
 94% 506/539 [02:07<00:08,  3.98it/s]
 94% 507/539 [02:07<00:08,  3.96it/s]
 94% 508/539 [02:07<00:07,  3.99it/s]
 94% 509/539 [02:07<00:07,  3.95it/s]
 95% 510/539 [02:08<00:07,  3.94it/s]
 95% 511/539 [02:08<00:07,  3.96it/s]
 95% 512/539 [02:08<00:06,  3.95it/s]
 95% 513/539 [02:08<00:06,  3.99it/s]
 95% 514/539 [02:09<00:06,  4.02it/s]
 96% 515/539 [02:09<00:05,  4.04it/s]
 96% 516/539 [02:09<00:05,  4.04it/s]
 96% 517/539 [02:09<00:05,  3.99it/s]
 96% 518/539 [02:10<00:05,  4.01it/s]
 96% 519/539 [02:10<00:04,  4.02it/s]
 96% 520/539 [02:10<00:04,  4.02it/s]
 97% 521/539 [02:10<00:04,  3.97it/s]
 97% 522/539 [02:11<00:04,  3.95it/s]
 97% 523/539 [02:11<00:04,  3.93it/s]
 97% 524/539 [02:11<00:03,  3.92it/s]
 97% 525/539 [02:11<00:03,  3.94it/s]
 98% 526/539 [02:12<00:03,  3.98it/s]
 98% 527/539 [02:12<00:03,  3.99it/s]
 98% 528/539 [02:12<00:02,  3.95it/s]
 98% 529/539 [02:12<00:02,  3.98it/s]
 98% 530/539 [02:13<00:02,  4.01it/s]
 99% 531/539 [02:13<00:01,  4.02it/s]
 99% 532/539 [02:13<00:01,  3.99it/s]
 99% 533/539 [02:13<00:01,  4.01it/s]
 99% 534/539 [02:14<00:01,  4.02it/s]
 99% 535/539 [02:14<00:01,  3.99it/s]
 99% 536/539 [02:14<00:00,  3.96it/s]
100% 537/539 [02:14<00:00,  3.99it/s]
100% 538/539 [02:15<00:00,  3.97it/s]
                                     
{'eval_loss': 1.6277270317077637, 'eval_runtime': 135.523, 'eval_samples_per_second': 7.947, 'eval_steps_per_second': 3.977, 'epoch': 0.99}
100% 134/134 [36:32<00:00, 15.36s/it]
100% 539/539 [02:15<00:00,  4.10it/s]
{'train_runtime': 2193.8602, 'train_samples_per_second': 1.965, 'train_steps_per_second': 0.061, 'train_loss': 1.6617326594110746, 'epoch': 0.99}
100% 134/134 [36:33<00:00, 16.37s/it]
✅ Saved adapter to ft_a_llama_r24